../Core/Src/main.c:119:5:main	16	static
../Core/Src/main.c:243:6:SystemClock_Config	128	static
../Core/Src/main.c:297:6:PeriphCommonClock_Config	200	static
../Core/Src/main.c:324:13:SystemPower_Config	8	static
../Core/Src/main.c:343:13:MX_ADC1_Init	40	static
../Core/Src/main.c:432:13:MX_ADC4_Init	40	static
../Core/Src/main.c:501:13:MX_GPDMA1_Init	16	static
../Core/Src/main.c:531:13:MX_ICACHE_Init	8	static
../Core/Src/main.c:563:13:MX_GPIO_Init	40	static
../Core/Src/main.c:599:6:HAL_ADC_ConvHalfCpltCallback	32	static
../Core/Src/main.c:647:6:HAL_ADC_ConvCpltCallback	32	static
../Core/Src/main.c:699:6:Error_Handler	4	static,ignoring_inline_asm
