../Core/Src/main.c:143:5:main	7
../Core/Src/main.c:267:6:SystemClock_Config	4
../Core/Src/main.c:321:6:PeriphCommonClock_Config	2
../Core/Src/main.c:348:13:SystemPower_Config	2
../Core/Src/main.c:367:13:MX_ADC1_Init	6
../Core/Src/main.c:456:13:MX_ADC4_Init	4
../Core/Src/main.c:525:13:MX_GPDMA1_Init	1
../Core/Src/main.c:555:13:MX_ICACHE_Init	3
../Core/Src/main.c:587:13:MX_GPIO_Init	1
../Core/Src/main.c:623:6:HAL_ADC_ConvHalfCpltCallback	9
../Core/Src/main.c:671:6:HAL_ADC_ConvCpltCallback	9
../Core/Src/main.c:723:6:Error_Handler	1
