../Core/Src/main.c:119:5:main	7
../Core/Src/main.c:243:6:SystemClock_Config	4
../Core/Src/main.c:297:6:PeriphCommonClock_Config	2
../Core/Src/main.c:324:13:SystemPower_Config	2
../Core/Src/main.c:343:13:MX_ADC1_Init	6
../Core/Src/main.c:432:13:MX_ADC4_Init	4
../Core/Src/main.c:501:13:MX_GPDMA1_Init	1
../Core/Src/main.c:531:13:MX_ICACHE_Init	3
../Core/Src/main.c:563:13:MX_GPIO_Init	1
../Core/Src/main.c:599:6:HAL_ADC_ConvHalfCpltCallback	9
../Core/Src/main.c:647:6:HAL_ADC_ConvCpltCallback	9
../Core/Src/main.c:699:6:Error_Handler	1
