../Core/Src/main.c:143:5:main	16	static
../Core/Src/main.c:267:6:SystemClock_Config	128	static
../Core/Src/main.c:321:6:PeriphCommonClock_Config	200	static
../Core/Src/main.c:348:13:SystemPower_Config	8	static
../Core/Src/main.c:367:13:MX_ADC1_Init	40	static
../Core/Src/main.c:456:13:MX_ADC4_Init	40	static
../Core/Src/main.c:525:13:MX_GPDMA1_Init	16	static
../Core/Src/main.c:555:13:MX_ICACHE_Init	8	static
../Core/Src/main.c:587:13:MX_GPIO_Init	40	static
../Core/Src/main.c:623:6:HAL_ADC_ConvHalfCpltCallback	32	static
../Core/Src/main.c:671:6:HAL_ADC_ConvCpltCallback	32	static
../Core/Src/main.c:723:6:Error_Handler	4	static,ignoring_inline_asm
