Archive member included to satisfy reference by file (symbol)

C:/ST/STM32CubeIDE_1.19.0/STM32CubeIDE/plugins/com.st.stm32cube.ide.mcu.externaltools.gnu-tools-for-stm32.13.3.rel1.win32_1.0.0.202411081344/tools/bin/../lib/gcc/arm-none-eabi/13.3.1/../../../../arm-none-eabi/lib/thumb/v8-m.main+fp/hard\libc_nano.a(libc_a-exit.o)
                              C:/ST/STM32CubeIDE_1.19.0/STM32CubeIDE/plugins/com.st.stm32cube.ide.mcu.externaltools.gnu-tools-for-stm32.13.3.rel1.win32_1.0.0.202411081344/tools/bin/../lib/gcc/arm-none-eabi/13.3.1/../../../../arm-none-eabi/lib/thumb/v8-m.main+fp/hard/crt0.o (exit)
C:/ST/STM32CubeIDE_1.19.0/STM32CubeIDE/plugins/com.st.stm32cube.ide.mcu.externaltools.gnu-tools-for-stm32.13.3.rel1.win32_1.0.0.202411081344/tools/bin/../lib/gcc/arm-none-eabi/13.3.1/../../../../arm-none-eabi/lib/thumb/v8-m.main+fp/hard\libc_nano.a(libc_a-findfp.o)
                              C:/ST/STM32CubeIDE_1.19.0/STM32CubeIDE/plugins/com.st.stm32cube.ide.mcu.externaltools.gnu-tools-for-stm32.13.3.rel1.win32_1.0.0.202411081344/tools/bin/../lib/gcc/arm-none-eabi/13.3.1/../../../../arm-none-eabi/lib/thumb/v8-m.main+fp/hard\libc_nano.a(libc_a-exit.o) (__stdio_exit_handler)
C:/ST/STM32CubeIDE_1.19.0/STM32CubeIDE/plugins/com.st.stm32cube.ide.mcu.externaltools.gnu-tools-for-stm32.13.3.rel1.win32_1.0.0.202411081344/tools/bin/../lib/gcc/arm-none-eabi/13.3.1/../../../../arm-none-eabi/lib/thumb/v8-m.main+fp/hard\libc_nano.a(libc_a-fwalk.o)
                              C:/ST/STM32CubeIDE_1.19.0/STM32CubeIDE/plugins/com.st.stm32cube.ide.mcu.externaltools.gnu-tools-for-stm32.13.3.rel1.win32_1.0.0.202411081344/tools/bin/../lib/gcc/arm-none-eabi/13.3.1/../../../../arm-none-eabi/lib/thumb/v8-m.main+fp/hard\libc_nano.a(libc_a-findfp.o) (_fwalk_sglue)
C:/ST/STM32CubeIDE_1.19.0/STM32CubeIDE/plugins/com.st.stm32cube.ide.mcu.externaltools.gnu-tools-for-stm32.13.3.rel1.win32_1.0.0.202411081344/tools/bin/../lib/gcc/arm-none-eabi/13.3.1/../../../../arm-none-eabi/lib/thumb/v8-m.main+fp/hard\libc_nano.a(libc_a-stdio.o)
                              C:/ST/STM32CubeIDE_1.19.0/STM32CubeIDE/plugins/com.st.stm32cube.ide.mcu.externaltools.gnu-tools-for-stm32.13.3.rel1.win32_1.0.0.202411081344/tools/bin/../lib/gcc/arm-none-eabi/13.3.1/../../../../arm-none-eabi/lib/thumb/v8-m.main+fp/hard\libc_nano.a(libc_a-findfp.o) (__sread)
C:/ST/STM32CubeIDE_1.19.0/STM32CubeIDE/plugins/com.st.stm32cube.ide.mcu.externaltools.gnu-tools-for-stm32.13.3.rel1.win32_1.0.0.202411081344/tools/bin/../lib/gcc/arm-none-eabi/13.3.1/../../../../arm-none-eabi/lib/thumb/v8-m.main+fp/hard\libc_nano.a(libc_a-memset.o)
                              C:/ST/STM32CubeIDE_1.19.0/STM32CubeIDE/plugins/com.st.stm32cube.ide.mcu.externaltools.gnu-tools-for-stm32.13.3.rel1.win32_1.0.0.202411081344/tools/bin/../lib/gcc/arm-none-eabi/13.3.1/../../../../arm-none-eabi/lib/thumb/v8-m.main+fp/hard/crt0.o (memset)
C:/ST/STM32CubeIDE_1.19.0/STM32CubeIDE/plugins/com.st.stm32cube.ide.mcu.externaltools.gnu-tools-for-stm32.13.3.rel1.win32_1.0.0.202411081344/tools/bin/../lib/gcc/arm-none-eabi/13.3.1/../../../../arm-none-eabi/lib/thumb/v8-m.main+fp/hard\libc_nano.a(libc_a-closer.o)
                              C:/ST/STM32CubeIDE_1.19.0/STM32CubeIDE/plugins/com.st.stm32cube.ide.mcu.externaltools.gnu-tools-for-stm32.13.3.rel1.win32_1.0.0.202411081344/tools/bin/../lib/gcc/arm-none-eabi/13.3.1/../../../../arm-none-eabi/lib/thumb/v8-m.main+fp/hard\libc_nano.a(libc_a-stdio.o) (_close_r)
C:/ST/STM32CubeIDE_1.19.0/STM32CubeIDE/plugins/com.st.stm32cube.ide.mcu.externaltools.gnu-tools-for-stm32.13.3.rel1.win32_1.0.0.202411081344/tools/bin/../lib/gcc/arm-none-eabi/13.3.1/../../../../arm-none-eabi/lib/thumb/v8-m.main+fp/hard\libc_nano.a(libc_a-reent.o)
                              C:/ST/STM32CubeIDE_1.19.0/STM32CubeIDE/plugins/com.st.stm32cube.ide.mcu.externaltools.gnu-tools-for-stm32.13.3.rel1.win32_1.0.0.202411081344/tools/bin/../lib/gcc/arm-none-eabi/13.3.1/../../../../arm-none-eabi/lib/thumb/v8-m.main+fp/hard\libc_nano.a(libc_a-closer.o) (errno)
C:/ST/STM32CubeIDE_1.19.0/STM32CubeIDE/plugins/com.st.stm32cube.ide.mcu.externaltools.gnu-tools-for-stm32.13.3.rel1.win32_1.0.0.202411081344/tools/bin/../lib/gcc/arm-none-eabi/13.3.1/../../../../arm-none-eabi/lib/thumb/v8-m.main+fp/hard\libc_nano.a(libc_a-impure.o)
                              C:/ST/STM32CubeIDE_1.19.0/STM32CubeIDE/plugins/com.st.stm32cube.ide.mcu.externaltools.gnu-tools-for-stm32.13.3.rel1.win32_1.0.0.202411081344/tools/bin/../lib/gcc/arm-none-eabi/13.3.1/../../../../arm-none-eabi/lib/thumb/v8-m.main+fp/hard\libc_nano.a(libc_a-reent.o) (_impure_ptr)
C:/ST/STM32CubeIDE_1.19.0/STM32CubeIDE/plugins/com.st.stm32cube.ide.mcu.externaltools.gnu-tools-for-stm32.13.3.rel1.win32_1.0.0.202411081344/tools/bin/../lib/gcc/arm-none-eabi/13.3.1/../../../../arm-none-eabi/lib/thumb/v8-m.main+fp/hard\libc_nano.a(libc_a-lseekr.o)
[...]
Memory Configuration

Name             Origin             Length             Attributes
RAM              0x20000000         0x00040000         xrw
SRAM4            0x28000000         0x00004000         xrw
FLASH            0x08000000         0x00080000         xr
*default*        0x00000000         0xffffffff

Linker script and memory map

LOAD C:/ST/STM32CubeIDE_1.19.0/STM32CubeIDE/plugins/com.st.stm32cube.ide.mcu.externaltools.gnu-tools-for-stm32.13.3.rel1.win32_1.0.0.202411081344/tools/bin/../lib/gcc/arm-none-eabi/13.3.1/thumb/v8-m.main+fp/hard/crti.o
LOAD C:/ST/STM32CubeIDE_1.19.0/STM32CubeIDE/plugins/com.st.stm32cube.ide.mcu.externaltools.gnu-tools-for-stm32.13.3.rel1.win32_1.0.0.202411081344/tools/bin/../lib/gcc/arm-none-eabi/13.3.1/thumb/v8-m.main+fp/hard/crtbegin.o
LOAD C:/ST/STM32CubeIDE_1.19.0/STM32CubeIDE/plugins/com.st.stm32cube.ide.mcu.externaltools.gnu-tools-for-stm32.13.3.rel1.win32_1.0.0.202411081344/tools/bin/../lib/gcc/arm-none-eabi/13.3.1/../../../../arm-none-eabi/lib/thumb/v8-m.main+fp/hard/crt0.o
LOAD ./Core/Src/main.o
LOAD ./Core/Src/stm32u5xx_hal_msp.o
LOAD ./Core/Src/stm32u5xx_it.o
LOAD ./Core/Src/syscalls.o
LOAD ./Core/Src/sysmem.o
LOAD ./Core/Src/system_stm32u5xx.o
LOAD ./Core/Startup/startup_stm32u545retxq.o
LOAD ./Drivers/BSP/STM32U5xx_Nucleo/stm32u5xx_nucleo.o
LOAD ./Drivers/STM32U5xx_HAL_Driver/Src/stm32u5xx_hal.o
LOAD ./Drivers/STM32U5xx_HAL_Driver/Src/stm32u5xx_hal_adc.o
LOAD ./Drivers/STM32U5xx_HAL_Driver/Src/stm32u5xx_hal_adc_ex.o
LOAD ./Drivers/STM32U5xx_HAL_Driver/Src/stm32u5xx_hal_cortex.o
LOAD ./Drivers/STM32U5xx_HAL_Driver/Src/stm32u5xx_hal_dma.o
LOAD ./Drivers/STM32U5xx_HAL_Driver/Src/stm32u5xx_hal_dma_ex.o
LOAD ./Drivers/STM32U5xx_HAL_Driver/Src/stm32u5xx_hal_exti.o
LOAD ./Drivers/STM32U5xx_HAL_Driver/Src/stm32u5xx_hal_flash.o
LOAD ./Drivers/STM32U5xx_HAL_Driver/Src/stm32u5xx_hal_flash_ex.o
LOAD ./Drivers/STM32U5xx_HAL_Driver/Src/stm32u5xx_hal_gpio.o
LOAD ./Drivers/STM32U5xx_HAL_Driver/Src/stm32u5xx_hal_gtzc.o
LOAD ./Drivers/STM32U5xx_HAL_Driver/Src/stm32u5xx_hal_i2c.o
LOAD ./Drivers/STM32U5xx_HAL_Driver/Src/stm32u5xx_hal_i2c_ex.o
LOAD ./Drivers/STM32U5xx_HAL_Driver/Src/stm32u5xx_hal_icache.o
LOAD ./Drivers/STM32U5xx_HAL_Driver/Src/stm32u5xx_hal_pwr.o
LOAD ./Drivers/STM32U5xx_HAL_Driver/Src/stm32u5xx_hal_pwr_ex.o
LOAD ./Drivers/STM32U5xx_HAL_Driver/Src/stm32u5xx_hal_rcc.o
LOAD ./Drivers/STM32U5xx_HAL_Driver/Src/stm32u5xx_hal_rcc_ex.o
LOAD ./Drivers/STM32U5xx_HAL_Driver/Src/stm32u5xx_hal_uart.o
LOAD ./Drivers/STM32U5xx_HAL_Driver/Src/stm32u5xx_hal_uart_ex.o
LOAD ./Drivers/STM32U5xx_HAL_Driver/Src/stm32u5xx_hal_usart.o
LOAD ./Drivers/STM32U5xx_HAL_Driver/Src/stm32u5xx_hal_usart_ex.o
START GROUP
LOAD C:/ST/STM32CubeIDE_1.19.0/STM32CubeIDE/plugins/com.st.stm32cube.ide.mcu.externaltools.gnu-tools-for-stm32.13.3.rel1.win32_1.0.0.202411081344/tools/bin/../lib/gcc/arm-none-eabi/13.3.1/../../../../arm-none-eabi/lib/thumb/v8-m.main+fp/hard\libc_nano.a
LOAD C:/ST/STM32CubeIDE_1.19.0/STM32CubeIDE/plugins/com.st.stm32cube.ide.mcu.externaltools.gnu-tools-for-stm32.13.3.rel1.win32_1.0.0.202411081344/tools/bin/../lib/gcc/arm-none-eabi/13.3.1/../../../../arm-none-eabi/lib/thumb/v8-m.main+fp/hard\libm.a
END GROUP
START GROUP
LOAD C:/ST/STM32CubeIDE_1.19.0/STM32CubeIDE/plugins/com.st.stm32cube.ide.mcu.externaltools.gnu-tools-for-stm32.13.3.rel1.win32_1.0.0.202411081344/tools/bin/../lib/gcc/arm-none-eabi/13.3.1/thumb/v8-m.main+fp/hard\libgcc.a
LOAD C:/ST/STM32CubeIDE_1.19.0/STM32CubeIDE/plugins/com.st.stm32cube.ide.mcu.externaltools.gnu-tools-for-stm32.13.3.rel1.win32_1.0.0.202411081344/tools/bin/../lib/gcc/arm-none-eabi/13.3.1/../../../../arm-none-eabi/lib/thumb/v8-m.main+fp/hard\libc_nano.a
END GROUP
START GROUP
LOAD C:/ST/STM32CubeIDE_1.19.0/STM32CubeIDE/plugins/com.st.stm32cube.ide.mcu.externaltools.gnu-tools-for-stm32.13.3.rel1.win32_1.0.0.202411081344/tools/bin/../lib/gcc/arm-none-eabi/13.3.1/thumb/v8-m.main+fp/hard\libgcc.a
LOAD C:/ST/STM32CubeIDE_1.19.0/STM32CubeIDE/plugins/com.st.stm32cube.ide.mcu.externaltools.gnu-tools-for-stm32.13.3.rel1.win32_1.0.0.202411081344/tools/bin/../lib/gcc/arm-none-eabi/13.3.1/../../../../arm-none-eabi/lib/thumb/v8-m.main+fp/hard\libc_nano.a
LOAD C:/ST/STM32CubeIDE_1.19.0/STM32CubeIDE/plugins/com.st.stm32cube.ide.mcu.externaltools.gnu-tools-for-stm32.13.3.rel1.win32_1.0.0.202411081344/tools/bin/../lib/gcc/arm-none-eabi/13.3.1/../../../../arm-none-eabi/lib/thumb/v8-m.main+fp/hard\libnosys.a
END GROUP
START GROUP
LOAD C:/ST/STM32CubeIDE_1.19.0/STM32CubeIDE/plugins/com.st.stm32cube.ide.mcu.externaltools.gnu-tools-for-stm32.13.3.rel1.win32_1.0.0.202411081344/tools/bin/../lib/gcc/arm-none-eabi/13.3.1/thumb/v8-m.main+fp/hard\libgcc.a
LOAD C:/ST/STM32CubeIDE_1.19.0/STM32CubeIDE/plugins/com.st.stm32cube.ide.mcu.externaltools.gnu-tools-for-stm32.13.3.rel1.win32_1.0.0.202411081344/tools/bin/../lib/gcc/arm-none-eabi/13.3.1/../../../../arm-none-eabi/lib/thumb/v8-m.main+fp/hard\libc_nano.a
LOAD C:/ST/STM32CubeIDE_1.19.0/STM32CubeIDE/plugins/com.st.stm32cube.ide.mcu.externaltools.gnu-tools-for-stm32.13.3.rel1.win32_1.0.0.202411081344/tools/bin/../lib/gcc/arm-none-eabi/13.3.1/../../../../arm-none-eabi/lib/thumb/v8-m.main+fp/hard\libnosys.a
END GROUP
LOAD C:/ST/STM32CubeIDE_1.19.0/STM32CubeIDE/plugins/com.st.stm32cube.ide.mcu.externaltools.gnu-tools-for-stm32.13.3.rel1.win32_1.0.0.202411081344/tools/bin/../lib/gcc/arm-none-eabi/13.3.1/thumb/v8-m.main+fp/hard/crtend.o
LOAD C:/ST/STM32CubeIDE_1.19.0/STM32CubeIDE/plugins/com.st.stm32cube.ide.mcu.externaltools.gnu-tools-for-stm32.13.3.rel1.win32_1.0.0.202411081344/tools/bin/../lib/gcc/arm-none-eabi/13.3.1/thumb/v8-m.main+fp/hard/crtn.o
                0x20040000                        _estack = (ORIGIN (RAM) + LENGTH (RAM))
                0x00000200                        _Min_Heap_Size = 0x200
                0x00000400                        _Min_Stack_Size = 0x400

.isr_vector     0x08000000      0x238
 *(.isr_vector)
 .isr_vector    0x08000000      0x238 ./Core/Startup/startup_stm32u545retxq.o
                0x08000000                g_pfnVectors

.text           0x08000238     0x7404
 *(.text)
 .text          0x08000238       0x40 C:/ST/STM32CubeIDE_1.19.0/STM32CubeIDE/plugins/com.st.stm32cube.ide.mcu.externaltools.gnu-tools-for-stm32.13.3.rel1.win32_1.0.0.202411081344/tools/bin/../lib/gcc/arm-none-eabi/13.3.1/thumb/v8-m.main+fp/hard/crtbegin.o
 *(.text*)
 .text.main     0x08000278      0x350 ./Core/Src/main.o
                0x08000278                main
 .text.SystemClock_Config
                0x080005c8       0xb8 ./Core/Src/main.o
                0x080005c8                SystemClock_Config
 .text.PeriphCommonClock_Config
                0x08000680       0x66 ./Core/Src/main.o
                0x08000680                PeriphCommonClock_Config
 .text.SystemPower_Config
                0x080006e6       0x18 ./Core/Src/main.o
 *fill*         0x080006fe        0x2 
 .text.MX_ADC1_Init
                0x08000700      0x144 ./Core/Src/main.o
 .text.MX_ADC4_Init
                0x08000844       0xf8 ./Core/Src/main.o
 .text.MX_GPDMA1_Init
                0x0800093c       0x50 ./Core/Src/main.o
 .text.MX_ICACHE_Init
                0x0800098c       0x26 ./Core/Src/main.o
 *fill*         0x080009b2        0x2 
 .text.MX_GPIO_Init
                0x080009b4       0xc8 ./Core/Src/main.o
 .text.HAL_ADC_ConvHalfCpltCallback
                0x08000a7c      0x178 ./Core/Src/main.o
                0x08000a7c                HAL_ADC_ConvHalfCpltCallback
 .text.HAL_ADC_ConvCpltCallback
                0x08000bf4      0x180 ./Core/Src/main.o
                0x08000bf4                HAL_ADC_ConvCpltCallback
 .text.Error_Handler
                0x08000d74        0xc ./Core/Src/main.o
                0x08000d74                Error_Handler
 .text.HAL_MspInit
                0x08000d80       0x34 ./Core/Src/stm32u5xx_hal_msp.o
                0x08000d80                HAL_MspInit
 .text.HAL_ADC_MspInit
                0x08000db4      0x2e4 ./Core/Src/stm32u5xx_hal_msp.o
                0x08000db4                HAL_ADC_MspInit
 .text.NMI_Handler
                0x08001098        0x8 ./Core/Src/stm32u5xx_it.o
                0x08001098                NMI_Handler
 .text.HardFault_Handler
                0x080010a0        0x8 ./Core/Src/stm32u5xx_it.o
                0x080010a0                HardFault_Handler
 .text.MemManage_Handler
                0x080010a8        0x8 ./Core/Src/stm32u5xx_it.o
                0x080010a8                MemManage_Handler
 .text.BusFault_Handler
                0x080010b0        0x8 ./Core/Src/stm32u5xx_it.o
                0x080010b0                BusFault_Handler
 .text.UsageFault_Handler
                0x080010b8        0x8 ./Core/Src/stm32u5xx_it.o
                0x080010b8                UsageFault_Handler
 .text.SVC_Handler
                0x080010c0        0xe ./Core/Src/stm32u5xx_it.o
                0x080010c0                SVC_Handler
 .text.DebugMon_Handler
                0x080010ce        0xe ./Core/Src/stm32u5xx_it.o
                0x080010ce                DebugMon_Handler
 .text.PendSV_Handler
                0x080010dc        0xe ./Core/Src/stm32u5xx_it.o
                0x080010dc                PendSV_Handler
 .text.SysTick_Handler
                0x080010ea        0xc ./Core/Src/stm32u5xx_it.o
                0x080010ea                SysTick_Handler
 *fill*         0x080010f6        0x2 
 .text.GPDMA1_Channel0_IRQHandler
                0x080010f8       0x14 ./Core/Src/stm32u5xx_it.o
                0x080010f8                GPDMA1_Channel0_IRQHandler
 .text.GPDMA1_Channel1_IRQHandler
                0x0800110c       0x14 ./Core/Src/stm32u5xx_it.o
                0x0800110c                GPDMA1_Channel1_IRQHandler
 .text.SystemInit
                0x08001120       0x70 ./Core/Src/system_stm32u5xx.o
                0x08001120                SystemInit
 .text.Reset_Handler
                0x08001190       0x50 ./Core/Startup/startup_stm32u545retxq.o
                0x08001190                Reset_Handler
 .text.Default_Handler
                0x080011e0        0x2 ./Core/Startup/startup_stm32u545retxq.o
                0x080011e0                EXTI2_IRQHandler
                0x080011e0                TIM8_TRG_COM_IRQHandler
                0x080011e0                TIM8_CC_IRQHandler
                0x080011e0                EXTI5_IRQHandler
                0x080011e0                FLASH_S_IRQHandler
                0x080011e0                EXTI13_IRQHandler
                0x080011e0                TIM1_CC_IRQHandler
                0x080011e0                TSC_IRQHandler
                0x080011e0                TAMP_IRQHandler
                0x080011e0                TIM6_IRQHandler
                0x080011e0                EXTI12_IRQHandler
                0x080011e0                CORDIC_IRQHandler
                0x080011e0                EXTI3_IRQHandler
                0x080011e0                LPTIM4_IRQHandler
                0x080011e0                GPDMA1_Channel5_IRQHandler
                0x080011e0                EXTI8_IRQHandler
                0x080011e0                LPTIM2_IRQHandler
                0x080011e0                I2C3_ER_IRQHandler
                0x080011e0                PWR_S3WU_IRQHandler
                0x080011e0                LPDMA1_Channel3_IRQHandler
                0x080011e0                LPTIM3_IRQHandler
                0x080011e0                EXTI0_IRQHandler
                0x080011e0                I2C2_EV_IRQHandler
                0x080011e0                FPU_IRQHandler
                0x080011e0                GPDMA1_Channel3_IRQHandler
                0x080011e0                GPDMA1_Channel7_IRQHandler
                0x080011e0                FDCAN1_IT1_IRQHandler
                0x080011e0                RAMCFG_IRQHandler
                0x080011e0                GPDMA1_Channel9_IRQHandler
                0x080011e0                DCACHE1_IRQHandler
                0x080011e0                SPI1_IRQHandler
                0x080011e0                OCTOSPI1_IRQHandler
                0x080011e0                GPDMA1_Channel2_IRQHandler
                0x080011e0                TIM8_UP_IRQHandler
                0x080011e0                RCC_S_IRQHandler
                0x080011e0                MDF1_FLT1_IRQHandler
                0x080011e0                ADC1_IRQHandler
                0x080011e0                PKA_IRQHandler
                0x080011e0                EXTI15_IRQHandler
                0x080011e0                TIM17_IRQHandler
                0x080011e0                USART3_IRQHandler
                0x080011e0                RTC_IRQHandler
                0x080011e0                EXTI9_IRQHandler
                0x080011e0                UART5_IRQHandler
                0x080011e0                TIM4_IRQHandler
                0x080011e0                I2C1_EV_IRQHandler
                0x080011e0                GPDMA1_Channel12_IRQHandler
                0x080011e0                TIM16_IRQHandler
                0x080011e0                GPDMA1_Channel15_IRQHandler
                0x080011e0                UART4_IRQHandler
                0x080011e0                SecureFault_Handler
                0x080011e0                TIM3_IRQHandler
                0x080011e0                RCC_IRQHandler
                0x080011e0                TIM1_TRG_COM_IRQHandler
                0x080011e0                Default_Handler
                0x080011e0                GPDMA1_Channel8_IRQHandler
                0x080011e0                FMAC_IRQHandler
                0x080011e0                OTFDEC1_IRQHandler
                0x080011e0                GPDMA1_Channel11_IRQHandler
                0x080011e0                TIM7_IRQHandler
                0x080011e0                SDMMC1_IRQHandler
                0x080011e0                SAES_IRQHandler
                0x080011e0                TIM5_IRQHandler
                0x080011e0                TIM15_IRQHandler
                0x080011e0                I2C3_EV_IRQHandler
                0x080011e0                USB_IRQHandler
                0x080011e0                LPDMA1_Channel0_IRQHandler
                0x080011e0                PVD_PVM_IRQHandler
                0x080011e0                SPI2_IRQHandler
                0x080011e0                LPDMA1_Channel1_IRQHandler
                0x080011e0                EXTI14_IRQHandler
                0x080011e0                EXTI11_IRQHandler
                0x080011e0                CRS_IRQHandler
                0x080011e0                GPDMA1_Channel14_IRQHandler
                0x080011e0                LSECSSD_IRQHandler
                0x080011e0                EXTI4_IRQHandler
                0x080011e0                RTC_S_IRQHandler
                0x080011e0                GPDMA1_Channel13_IRQHandler
                0x080011e0                RNG_IRQHandler
                0x080011e0                COMP_IRQHandler
                0x080011e0                TIM1_UP_IRQHandler
                0x080011e0                ADC4_IRQHandler
                0x080011e0                WWDG_IRQHandler
                0x080011e0                I2C4_EV_IRQHandler
                0x080011e0                ADF1_IRQHandler
                0x080011e0                IWDG_IRQHandler
                0x080011e0                LPUART1_IRQHandler
                0x080011e0                MDF1_FLT0_IRQHandler
                0x080011e0                FDCAN1_IT0_IRQHandler
                0x080011e0                TIM2_IRQHandler
                0x080011e0                GPDMA1_Channel4_IRQHandler
                0x080011e0                EXTI7_IRQHandler
                0x080011e0                TIM1_BRK_IRQHandler
                0x080011e0                EXTI1_IRQHandler
                0x080011e0                AES_IRQHandler
                0x080011e0                DAC1_IRQHandler
                0x080011e0                GTZC_IRQHandler
                0x080011e0                GPDMA1_Channel6_IRQHandler
                0x080011e0                I2C2_ER_IRQHandler
                0x080011e0                TIM8_BRK_IRQHandler
                0x080011e0                FLASH_IRQHandler
                0x080011e0                USART1_IRQHandler
                0x080011e0                EXTI10_IRQHandler
                0x080011e0                SPI3_IRQHandler
                0x080011e0                LPDMA1_Channel2_IRQHandler
                0x080011e0                I2C1_ER_IRQHandler
                0x080011e0                EXTI6_IRQHandler
                0x080011e0                LPTIM1_IRQHandler
                0x080011e0                DCMI_PSSI_IRQHandler
                0x080011e0                I2C4_ER_IRQHandler
                0x080011e0                GPDMA1_Channel10_IRQHandler
                0x080011e0                ICACHE_IRQHandler
                0x080011e0                SAI1_IRQHandler
                0x080011e0                HASH_IRQHandler
 *fill*         0x080011e2        0x2 
 .text.HAL_Init
                0x080011e4       0x60 ./Drivers/STM32U5xx_HAL_Driver/Src/stm32u5xx_hal.o
                0x080011e4                HAL_Init
 .text.HAL_InitTick
                0x08001244       0xec ./Drivers/STM32U5xx_HAL_Driver/Src/stm32u5xx_hal.o
                0x08001244                HAL_InitTick
 .text.HAL_IncTick
                0x08001330       0x28 ./Drivers/STM32U5xx_HAL_Driver/Src/stm32u5xx_hal.o
                0x08001330                HAL_IncTick
 .text.HAL_GetTick
                0x08001358       0x18 ./Drivers/STM32U5xx_HAL_Driver/Src/stm32u5xx_hal.o
                0x08001358                HAL_GetTick
 .text.HAL_Delay
                0x08001370       0x48 ./Drivers/STM32U5xx_HAL_Driver/Src/stm32u5xx_hal.o
                0x08001370                HAL_Delay
 .text.HAL_GetREVID
                0x080013b8       0x1c ./Drivers/STM32U5xx_HAL_Driver/Src/stm32u5xx_hal.o
                0x080013b8                HAL_GetREVID
 .text.LL_ADC_SetCommonClock
                0x080013d4       0x26 ./Drivers/STM32U5xx_HAL_Driver/Src/stm32u5xx_hal_adc.o
 .text.LL_ADC_SetCommonPathInternalCh
                0x080013fa       0x26 ./Drivers/STM32U5xx_HAL_Driver/Src/stm32u5xx_hal_adc.o
 .text.LL_ADC_GetCommonPathInternalCh
                0x08001420       0x1c ./Drivers/STM32U5xx_HAL_Driver/Src/stm32u5xx_hal_adc.o
 .text.LL_ADC_SetResolution
                0x0800143c       0x40 ./Drivers/STM32U5xx_HAL_Driver/Src/stm32u5xx_hal_adc.o
 .text.LL_ADC_SetOffset
                0x0800147c       0x42 ./Drivers/STM32U5xx_HAL_Driver/Src/stm32u5xx_hal_adc.o
 .text.LL_ADC_GetOffsetChannel
                0x080014be       0x58 ./Drivers/STM32U5xx_HAL_Driver/Src/stm32u5xx_hal_adc.o
 .text.LL_ADC_SetOffsetSign
                0x08001516       0x36 ./Drivers/STM32U5xx_HAL_Driver/Src/stm32u5xx_hal_adc.o
 .text.LL_ADC_SetOffsetSignedSaturation
                0x0800154c       0x36 ./Drivers/STM32U5xx_HAL_Driver/Src/stm32u5xx_hal_adc.o
 .text.LL_ADC_SetOffsetUnsignedSaturation
                0x08001582       0x36 ./Drivers/STM32U5xx_HAL_Driver/Src/stm32u5xx_hal_adc.o
 .text.LL_ADC_SetGainCompensation
                0x080015b8       0x46 ./Drivers/STM32U5xx_HAL_Driver/Src/stm32u5xx_hal_adc.o
 .text.LL_ADC_SetSamplingTimeCommonChannels
                0x080015fe       0x3e ./Drivers/STM32U5xx_HAL_Driver/Src/stm32u5xx_hal_adc.o
 .text.LL_ADC_REG_IsTriggerSourceSWStart
                0x0800163c       0x26 ./Drivers/STM32U5xx_HAL_Driver/Src/stm32u5xx_hal_adc.o
 *fill*         0x08001662        0x2 
 .text.LL_ADC_REG_SetSequencerRanks
                0x08001664       0xc0 ./Drivers/STM32U5xx_HAL_Driver/Src/stm32u5xx_hal_adc.o
 .text.LL_ADC_REG_SetSequencerChAdd
                0x08001724       0x66 ./Drivers/STM32U5xx_HAL_Driver/Src/stm32u5xx_hal_adc.o
 .text.LL_ADC_REG_SetSequencerChRem
                0x0800178a       0x30 ./Drivers/STM32U5xx_HAL_Driver/Src/stm32u5xx_hal_adc.o
 *fill*         0x080017ba        0x2 
 .text.LL_ADC_SetChannelSamplingTime
                0x080017bc       0xc8 ./Drivers/STM32U5xx_HAL_Driver/Src/stm32u5xx_hal_adc.o
 .text.LL_ADC_SetChannelSingleDiff
                0x08001884       0x48 ./Drivers/STM32U5xx_HAL_Driver/Src/stm32u5xx_hal_adc.o
 .text.LL_ADC_DisableDeepPowerDown
                0x080018cc       0x24 ./Drivers/STM32U5xx_HAL_Driver/Src/stm32u5xx_hal_adc.o
 .text.LL_ADC_IsDeepPowerDownEnabled
                0x080018f0       0x28 ./Drivers/STM32U5xx_HAL_Driver/Src/stm32u5xx_hal_adc.o
 .text.LL_ADC_EnableInternalRegulator
                0x08001918       0x28 ./Drivers/STM32U5xx_HAL_Driver/Src/stm32u5xx_hal_adc.o
 .text.LL_ADC_IsInternalRegulatorEnabled
                0x08001940       0x28 ./Drivers/STM32U5xx_HAL_Driver/Src/stm32u5xx_hal_adc.o
 .text.LL_ADC_Enable
                0x08001968       0x28 ./Drivers/STM32U5xx_HAL_Driver/Src/stm32u5xx_hal_adc.o
 .text.LL_ADC_Disable
                0x08001990       0x28 ./Drivers/STM32U5xx_HAL_Driver/Src/stm32u5xx_hal_adc.o
 .text.LL_ADC_IsEnabled
                0x080019b8       0x26 ./Drivers/STM32U5xx_HAL_Driver/Src/stm32u5xx_hal_adc.o
 .text.LL_ADC_IsDisableOngoing
                0x080019de       0x26 ./Drivers/STM32U5xx_HAL_Driver/Src/stm32u5xx_hal_adc.o
 .text.LL_ADC_REG_StartConversion
                0x08001a04       0x28 ./Drivers/STM32U5xx_HAL_Driver/Src/stm32u5xx_hal_adc.o
 .text.LL_ADC_REG_IsConversionOngoing
                0x08001a2c       0x26 ./Drivers/STM32U5xx_HAL_Driver/Src/stm32u5xx_hal_adc.o
 .text.LL_ADC_INJ_IsConversionOngoing
                0x08001a52       0x26 ./Drivers/STM32U5xx_HAL_Driver/Src/stm32u5xx_hal_adc.o
 .text.HAL_ADC_Init
                0x08001a78      0x594 ./Drivers/STM32U5xx_HAL_Driver/Src/stm32u5xx_hal_adc.o
                0x08001a78                HAL_ADC_Init
 .text.HAL_ADC_Start_DMA
                0x0800200c      0x214 ./Drivers/STM32U5xx_HAL_Driver/Src/stm32u5xx_hal_adc.o
                0x0800200c                HAL_ADC_Start_DMA
 .text.HAL_ADC_ErrorCallback
                0x08002220       0x14 ./Drivers/STM32U5xx_HAL_Driver/Src/stm32u5xx_hal_adc.o
                0x08002220                HAL_ADC_ErrorCallback
 .text.HAL_ADC_ConfigChannel
                0x08002234      0xd20 ./Drivers/STM32U5xx_HAL_Driver/Src/stm32u5xx_hal_adc.o
                0x08002234                HAL_ADC_ConfigChannel
 .text.ADC_Enable
                0x08002f54       0xe0 ./Drivers/STM32U5xx_HAL_Driver/Src/stm32u5xx_hal_adc.o
                0x08002f54                ADC_Enable
 .text.ADC_Disable
                0x08003034       0xbe ./Drivers/STM32U5xx_HAL_Driver/Src/stm32u5xx_hal_adc.o
                0x08003034                ADC_Disable
 .text.ADC_DMAConvCplt
                0x080030f2       0xd8 ./Drivers/STM32U5xx_HAL_Driver/Src/stm32u5xx_hal_adc.o
                0x080030f2                ADC_DMAConvCplt
 .text.ADC_DMAHalfConvCplt
                0x080031ca       0x1c ./Drivers/STM32U5xx_HAL_Driver/Src/stm32u5xx_hal_adc.o
                0x080031ca                ADC_DMAHalfConvCplt
 .text.ADC_DMAError
                0x080031e6       0x34 ./Drivers/STM32U5xx_HAL_Driver/Src/stm32u5xx_hal_adc.o
                0x080031e6                ADC_DMAError
 *fill*         0x0800321a        0x2 
 .text.LL_ADC_StartCalibration
                0x0800321c       0x54 ./Drivers/STM32U5xx_HAL_Driver/Src/stm32u5xx_hal_adc_ex.o
 .text.LL_ADC_IsCalibrationOnGoing
                0x08003270       0x28 ./Drivers/STM32U5xx_HAL_Driver/Src/stm32u5xx_hal_adc_ex.o
 .text.HAL_ADCEx_Calibration_Start
                0x08003298      0x2ac ./Drivers/STM32U5xx_HAL_Driver/Src/stm32u5xx_hal_adc_ex.o
                0x08003298                HAL_ADCEx_Calibration_Start
 .text.__NVIC_SetPriorityGrouping
                0x08003544       0x48 ./Drivers/STM32U5xx_HAL_Driver/Src/stm32u5xx_hal_cortex.o
 .text.__NVIC_GetPriorityGrouping
                0x0800358c       0x1c ./Drivers/STM32U5xx_HAL_Driver/Src/stm32u5xx_hal_cortex.o
 .text.__NVIC_EnableIRQ
                0x080035a8       0x3c ./Drivers/STM32U5xx_HAL_Driver/Src/stm32u5xx_hal_cortex.o
 .text.__NVIC_SetPriority
                0x080035e4       0x54 ./Drivers/STM32U5xx_HAL_Driver/Src/stm32u5xx_hal_cortex.o
 .text.NVIC_EncodePriority
                0x08003638       0x66 ./Drivers/STM32U5xx_HAL_Driver/Src/stm32u5xx_hal_cortex.o
 .text.HAL_NVIC_SetPriorityGrouping
                0x0800369e       0x16 ./Drivers/STM32U5xx_HAL_Driver/Src/stm32u5xx_hal_cortex.o
                0x0800369e                HAL_NVIC_SetPriorityGrouping
 .text.HAL_NVIC_SetPriority
                0x080036b4       0x34 ./Drivers/STM32U5xx_HAL_Driver/Src/stm32u5xx_hal_cortex.o
                0x080036b4                HAL_NVIC_SetPriority
 .text.HAL_NVIC_EnableIRQ
                0x080036e8       0x1c ./Drivers/STM32U5xx_HAL_Driver/Src/stm32u5xx_hal_cortex.o
                0x080036e8                HAL_NVIC_EnableIRQ
 .text.HAL_SYSTICK_Config
                0x08003704       0x44 ./Drivers/STM32U5xx_HAL_Driver/Src/stm32u5xx_hal_cortex.o
                0x08003704                HAL_SYSTICK_Config
 .text.HAL_SYSTICK_CLKSourceConfig
                0x08003748       0xb0 ./Drivers/STM32U5xx_HAL_Driver/Src/stm32u5xx_hal_cortex.o
                0x08003748                HAL_SYSTICK_CLKSourceConfig
 .text.HAL_SYSTICK_GetCLKSourceConfig
                0x080037f8       0x74 ./Drivers/STM32U5xx_HAL_Driver/Src/stm32u5xx_hal_cortex.o
                0x080037f8                HAL_SYSTICK_GetCLKSourceConfig
 .text.HAL_DMA_Start_IT
                0x0800386c       0xc0 ./Drivers/STM32U5xx_HAL_Driver/Src/stm32u5xx_hal_dma.o
                0x0800386c                HAL_DMA_Start_IT
 .text.HAL_DMA_IRQHandler
                0x0800392c      0x2c2 ./Drivers/STM32U5xx_HAL_Driver/Src/stm32u5xx_hal_dma.o
                0x0800392c                HAL_DMA_IRQHandler
 .text.HAL_DMA_ConfigChannelAttributes
                0x08003bee       0x78 ./Drivers/STM32U5xx_HAL_Driver/Src/stm32u5xx_hal_dma.o
                0x08003bee                HAL_DMA_ConfigChannelAttributes
 .text.DMA_SetConfig
                0x08003c66       0x4a ./Drivers/STM32U5xx_HAL_Driver/Src/stm32u5xx_hal_dma.o
 .text.HAL_DMAEx_List_Init
                0x08003cb0      0x258 ./Drivers/STM32U5xx_HAL_Driver/Src/stm32u5xx_hal_dma_ex.o
                0x08003cb0                HAL_DMAEx_List_Init
 .text.HAL_DMAEx_List_Start_IT
                0x08003f08      0x128 ./Drivers/STM32U5xx_HAL_Driver/Src/stm32u5xx_hal_dma_ex.o
                0x08003f08                HAL_DMAEx_List_Start_IT
 .text.HAL_DMAEx_List_BuildNode
                0x08004030       0x2c ./Drivers/STM32U5xx_HAL_Driver/Src/stm32u5xx_hal_dma_ex.o
                0x08004030                HAL_DMAEx_List_BuildNode
 .text.HAL_DMAEx_List_GetNodeConfig
                0x0800405c       0x2c ./Drivers/STM32U5xx_HAL_Driver/Src/stm32u5xx_hal_dma_ex.o
                0x0800405c                HAL_DMAEx_List_GetNodeConfig
 .text.HAL_DMAEx_List_InsertNode
                0x08004088      0x192 ./Drivers/STM32U5xx_HAL_Driver/Src/stm32u5xx_hal_dma_ex.o
                0x08004088                HAL_DMAEx_List_InsertNode
 .text.HAL_DMAEx_List_SetCircularMode
                0x0800421a       0xc0 ./Drivers/STM32U5xx_HAL_Driver/Src/stm32u5xx_hal_dma_ex.o
                0x0800421a                HAL_DMAEx_List_SetCircularMode
 *fill*         0x080042da        0x2 
 .text.HAL_DMAEx_List_LinkQ
                0x080042dc      0x12c ./Drivers/STM32U5xx_HAL_Driver/Src/stm32u5xx_hal_dma_ex.o
                0x080042dc                HAL_DMAEx_List_LinkQ
 .text.DMA_List_Init
                0x08004408      0x2b0 ./Drivers/STM32U5xx_HAL_Driver/Src/stm32u5xx_hal_dma_ex.o
 .text.DMA_List_BuildNode
                0x080046b8      0x2a4 ./Drivers/STM32U5xx_HAL_Driver/Src/stm32u5xx_hal_dma_ex.o
 .text.DMA_List_GetNodeConfig
                0x0800495c      0x214 ./Drivers/STM32U5xx_HAL_Driver/Src/stm32u5xx_hal_dma_ex.o
 .text.DMA_List_CheckNodesBaseAddresses
                0x08004b70       0x60 ./Drivers/STM32U5xx_HAL_Driver/Src/stm32u5xx_hal_dma_ex.o
 .text.DMA_List_CheckNodesTypes
                0x08004bd0       0x78 ./Drivers/STM32U5xx_HAL_Driver/Src/stm32u5xx_hal_dma_ex.o
 .text.DMA_List_GetCLLRNodeInfo
                0x08004c48       0x60 ./Drivers/STM32U5xx_HAL_Driver/Src/stm32u5xx_hal_dma_ex.o
 .text.DMA_List_FindNode
                0x08004ca8      0x13e ./Drivers/STM32U5xx_HAL_Driver/Src/stm32u5xx_hal_dma_ex.o
 *fill*         0x08004de6        0x2 
 .text.HAL_GPIO_Init
                0x08004de8      0x3c0 ./Drivers/STM32U5xx_HAL_Driver/Src/stm32u5xx_hal_gpio.o
                0x08004de8                HAL_GPIO_Init
 .text.HAL_GPIO_WritePin
                0x080051a8       0x30 ./Drivers/STM32U5xx_HAL_Driver/Src/stm32u5xx_hal_gpio.o
                0x080051a8                HAL_GPIO_WritePin
 .text.HAL_ICACHE_ConfigAssociativityMode
                0x080051d8       0x40 ./Drivers/STM32U5xx_HAL_Driver/Src/stm32u5xx_hal_icache.o
                0x080051d8                HAL_ICACHE_ConfigAssociativityMode
 .text.HAL_ICACHE_Enable
                0x08005218       0x20 ./Drivers/STM32U5xx_HAL_Driver/Src/stm32u5xx_hal_icache.o
                0x08005218                HAL_ICACHE_Enable
 .text.HAL_PWREx_ControlVoltageScaling
                0x08005238       0xfc ./Drivers/STM32U5xx_HAL_Driver/Src/stm32u5xx_hal_pwr_ex.o
                0x08005238                HAL_PWREx_ControlVoltageScaling
 .text.HAL_PWREx_GetVoltageRange
                0x08005334       0x1c ./Drivers/STM32U5xx_HAL_Driver/Src/stm32u5xx_hal_pwr_ex.o
                0x08005334                HAL_PWREx_GetVoltageRange
 .text.HAL_PWREx_ConfigSupply
                0x08005350       0xa0 ./Drivers/STM32U5xx_HAL_Driver/Src/stm32u5xx_hal_pwr_ex.o
                0x08005350                HAL_PWREx_ConfigSupply
 .text.HAL_PWREx_EnableVddA
                0x080053f0       0x20 ./Drivers/STM32U5xx_HAL_Driver/Src/stm32u5xx_hal_pwr_ex.o
                0x080053f0                HAL_PWREx_EnableVddA
 .text.HAL_RCC_OscConfig
                0x08005410      0xdb8 ./Drivers/STM32U5xx_HAL_Driver/Src/stm32u5xx_hal_rcc.o
                0x08005410                HAL_RCC_OscConfig
 .text.HAL_RCC_ClockConfig
                0x080061c8      0x3e4 ./Drivers/STM32U5xx_HAL_Driver/Src/stm32u5xx_hal_rcc.o
                0x080061c8                HAL_RCC_ClockConfig
 .text.HAL_RCC_GetSysClockFreq
                0x080065ac      0x204 ./Drivers/STM32U5xx_HAL_Driver/Src/stm32u5xx_hal_rcc.o
                0x080065ac                HAL_RCC_GetSysClockFreq
 .text.HAL_RCC_GetHCLKFreq
                0x080067b0       0x34 ./Drivers/STM32U5xx_HAL_Driver/Src/stm32u5xx_hal_rcc.o
                0x080067b0                HAL_RCC_GetHCLKFreq
 .text.RCC_SetFlashLatencyFromMSIRange
                0x080067e4      0x10c ./Drivers/STM32U5xx_HAL_Driver/Src/stm32u5xx_hal_rcc.o
 .text.HAL_RCCEx_PeriphCLKConfig
                0x080068f0      0xa7c ./Drivers/STM32U5xx_HAL_Driver/Src/stm32u5xx_hal_rcc_ex.o
                0x080068f0                HAL_RCCEx_PeriphCLKConfig
 .text.RCCEx_PLL2_Config
                0x0800736c      0x130 ./Drivers/STM32U5xx_HAL_Driver/Src/stm32u5xx_hal_rcc_ex.o
 .text.RCCEx_PLL3_Config
                0x0800749c      0x130 ./Drivers/STM32U5xx_HAL_Driver/Src/stm32u5xx_hal_rcc_ex.o
 .text.memset   0x080075cc       0x10 C:/ST/STM32CubeIDE_1.19.0/STM32CubeIDE/plugins/com.st.stm32cube.ide.mcu.externaltools.gnu-tools-for-stm32.13.3.rel1.win32_1.0.0.202411081344/tools/bin/../lib/gcc/arm-none-eabi/13.3.1/../../../../arm-none-eabi/lib/thumb/v8-m.main+fp/hard\libc_nano.a(libc_a-memset.o)
                0x080075cc                memset
 .text.__libc_init_array
                0x080075dc       0x48 C:/ST/STM32CubeIDE_1.19.0/STM32CubeIDE/plugins/com.st.stm32cube.ide.mcu.externaltools.gnu-tools-for-stm32.13.3.rel1.win32_1.0.0.202411081344/tools/bin/../lib/gcc/arm-none-eabi/13.3.1/../../../../arm-none-eabi/lib/thumb/v8-m.main+fp/hard\libc_nano.a(libc_a-init.o)
                0x080075dc                __libc_init_array
 *(.glue_7)
 .glue_7        0x08007624        0x0 linker stubs
 *(.glue_7t)
 .glue_7t       0x08007624        0x0 linker stubs
 *(.eh_frame)
 .eh_frame      0x08007624        0x0 C:/ST/STM32CubeIDE_1.19.0/STM32CubeIDE/plugins/com.st.stm32cube.ide.mcu.externaltools.gnu-tools-for-stm32.13.3.rel1.win32_1.0.0.202411081344/tools/bin/../lib/gcc/arm-none-eabi/13.3.1/thumb/v8-m.main+fp/hard/crtbegin.o
 *(.init)
 .init          0x08007624        0x4 C:/ST/STM32CubeIDE_1.19.0/STM32CubeIDE/plugins/com.st.stm32cube.ide.mcu.externaltools.gnu-tools-for-stm32.13.3.rel1.win32_1.0.0.202411081344/tools/bin/../lib/gcc/arm-none-eabi/13.3.1/thumb/v8-m.main+fp/hard/crti.o
                0x08007624                _init
 .init          0x08007628        0x8 C:/ST/STM32CubeIDE_1.19.0/STM32CubeIDE/plugins/com.st.stm32cube.ide.mcu.externaltools.gnu-tools-for-stm32.13.3.rel1.win32_1.0.0.202411081344/tools/bin/../lib/gcc/arm-none-eabi/13.3.1/thumb/v8-m.main+fp/hard/crtn.o
 *(.fini)
 .fini          0x08007630        0x4 C:/ST/STM32CubeIDE_1.19.0/STM32CubeIDE/plugins/com.st.stm32cube.ide.mcu.externaltools.gnu-tools-for-stm32.13.3.rel1.win32_1.0.0.202411081344/tools/bin/../lib/gcc/arm-none-eabi/13.3.1/thumb/v8-m.main+fp/hard/crti.o
                0x08007630                _fini
 .fini          0x08007634        0x8 C:/ST/STM32CubeIDE_1.19.0/STM32CubeIDE/plugins/com.st.stm32cube.ide.mcu.externaltools.gnu-tools-for-stm32.13.3.rel1.win32_1.0.0.202411081344/tools/bin/../lib/gcc/arm-none-eabi/13.3.1/thumb/v8-m.main+fp/hard/crtn.o
                0x0800763c                        _etext = .

.vfp11_veneer   0x0800763c        0x0
 .vfp11_veneer  0x0800763c        0x0 linker stubs

.v4_bx          0x0800763c        0x0
 .v4_bx         0x0800763c        0x0 linker stubs

.iplt           0x0800763c        0x0
 .iplt          0x0800763c        0x0 C:/ST/STM32CubeIDE_1.19.0/STM32CubeIDE/plugins/com.st.stm32cube.ide.mcu.externaltools.gnu-tools-for-stm32.13.3.rel1.win32_1.0.0.202411081344/tools/bin/../lib/gcc/arm-none-eabi/13.3.1/thumb/v8-m.main+fp/hard/crtbegin.o

.rodata         0x0800763c       0xd0
 *(.rodata)
 *(.rodata*)
 .rodata.AHBPrescTable
                0x0800763c       0x10 ./Core/Src/system_stm32u5xx.o
                0x0800763c                AHBPrescTable
 .rodata.MSIRangeTable
                0x0800764c       0x40 ./Core/Src/system_stm32u5xx.o
                0x0800764c                MSIRangeTable
 .rodata.LPGPIO_Map
                0x0800768c       0x80 ./Drivers/STM32U5xx_HAL_Driver/Src/stm32u5xx_hal_gpio.o

.ARM.extab
 *(.ARM.extab* .gnu.linkonce.armextab.*)

.ARM            0x0800770c        0x0
                0x0800770c                        __exidx_start = .
 *(.ARM.exidx*)
                0x0800770c                        __exidx_end = .

.preinit_array  0x0800770c        0x0
                0x0800770c                        PROVIDE (__preinit_array_start = .)
 *(.preinit_array*)
                0x0800770c                        PROVIDE (__preinit_array_end = .)

.init_array     0x0800770c        0x4
                0x0800770c                        PROVIDE (__init_array_start = .)
 *(SORT_BY_NAME(.init_array.*))
 *(.init_array*)
 .init_array    0x0800770c        0x4 C:/ST/STM32CubeIDE_1.19.0/STM32CubeIDE/plugins/com.st.stm32cube.ide.mcu.externaltools.gnu-tools-for-stm32.13.3.rel1.win32_1.0.0.202411081344/tools/bin/../lib/gcc/arm-none-eabi/13.3.1/thumb/v8-m.main+fp/hard/crtbegin.o
                0x08007710                        PROVIDE (__init_array_end = .)

.fini_array     0x08007710        0x4
                [!provide]                        PROVIDE (__fini_array_start = .)
 *(SORT_BY_NAME(.fini_array.*))
 *(.fini_array*)
 .fini_array    0x08007710        0x4 C:/ST/STM32CubeIDE_1.19.0/STM32CubeIDE/plugins/com.st.stm32cube.ide.mcu.externaltools.gnu-tools-for-stm32.13.3.rel1.win32_1.0.0.202411081344/tools/bin/../lib/gcc/arm-none-eabi/13.3.1/thumb/v8-m.main+fp/hard/crtbegin.o
                [!provide]                        PROVIDE (__fini_array_end = .)
                0x08007714                        _sidata = LOADADDR (.data)

.rel.dyn        0x08007714        0x0
 .rel.iplt      0x08007714        0x0 C:/ST/STM32CubeIDE_1.19.0/STM32CubeIDE/plugins/com.st.stm32cube.ide.mcu.externaltools.gnu-tools-for-stm32.13.3.rel1.win32_1.0.0.202411081344/tools/bin/../lib/gcc/arm-none-eabi/13.3.1/thumb/v8-m.main+fp/hard/crtbegin.o

.data           0x20000000        0x9 load address 0x08007714
                0x20000000                        _sdata = .
 *(.data)
 *(.data*)
 .data.SystemCoreClock
                0x20000000        0x4 ./Core/Src/system_stm32u5xx.o
                0x20000000                SystemCoreClock
 .data.uwTickPrio
                0x20000004        0x4 ./Drivers/STM32U5xx_HAL_Driver/Src/stm32u5xx_hal.o
                0x20000004                uwTickPrio
 .data.uwTickFreq
                0x20000008        0x1 ./Drivers/STM32U5xx_HAL_Driver/Src/stm32u5xx_hal.o
                0x20000008                uwTickFreq
 *(.RamFunc)
 *(.RamFunc*)
                0x20000009                        _edata = .

.igot.plt       0x2000000c        0x0 load address 0x0800771d
 .igot.plt      0x2000000c        0x0 C:/ST/STM32CubeIDE_1.19.0/STM32CubeIDE/plugins/com.st.stm32cube.ide.mcu.externaltools.gnu-tools-for-stm32.13.3.rel1.win32_1.0.0.202411081344/tools/bin/../lib/gcc/arm-none-eabi/13.3.1/thumb/v8-m.main+fp/hard/crtbegin.o

.bss            0x2000000c      0x368 load address 0x0800771d
                0x2000000c                        _sbss = .
                0x2000000c                        __bss_start__ = _sbss
 *(.bss)
 .bss           0x2000000c       0x1c C:/ST/STM32CubeIDE_1.19.0/STM32CubeIDE/plugins/com.st.stm32cube.ide.mcu.externaltools.gnu-tools-for-stm32.13.3.rel1.win32_1.0.0.202411081344/tools/bin/../lib/gcc/arm-none-eabi/13.3.1/thumb/v8-m.main+fp/hard/crtbegin.o
 *(.bss*)
 .bss.hadc1     0x20000028       0x8c ./Core/Src/main.o
                0x20000028                hadc1
 .bss.hadc4     0x200000b4       0x8c ./Core/Src/main.o
                0x200000b4                hadc4
 .bss.Node_GPDMA1_Channel1
                0x20000140       0x24 ./Core/Src/main.o
                0x20000140                Node_GPDMA1_Channel1
 .bss.List_GPDMA1_Channel1
                0x20000164       0x18 ./Core/Src/main.o
                0x20000164                List_GPDMA1_Channel1
 .bss.handle_GPDMA1_Channel1
                0x2000017c       0x78 ./Core/Src/main.o
                0x2000017c                handle_GPDMA1_Channel1
 .bss.Node_GPDMA1_Channel0
                0x200001f4       0x24 ./Core/Src/main.o
                0x200001f4                Node_GPDMA1_Channel0
 .bss.List_GPDMA1_Channel0
                0x20000218       0x18 ./Core/Src/main.o
                0x20000218                List_GPDMA1_Channel0
 .bss.handle_GPDMA1_Channel0
                0x20000230       0x78 ./Core/Src/main.o
                0x20000230                handle_GPDMA1_Channel0
 .bss.ADC1_res_buffer
                0x200002a8       0x20 ./Core/Src/main.o
                0x200002a8                ADC1_res_buffer
 .bss.ADC1_res_bkp_buffer
                0x200002c8        0x8 ./Core/Src/main.o
                0x200002c8                ADC1_res_bkp_buffer
 .bss.ADC1_acc_val_buffer
                0x200002d0       0x10 ./Core/Src/main.o
                0x200002d0                ADC1_acc_val_buffer
 .bss.ADC1AccValBufCount
                0x200002e0        0x2 ./Core/Src/main.o
                0x200002e0                ADC1AccValBufCount
 *fill*         0x200002e2        0x2 
 .bss.ADC1_acc_val_batch_buffer
                0x200002e4       0x10 ./Core/Src/main.o
                0x200002e4                ADC1_acc_val_batch_buffer
 .bss.ADC1AccValBufBatchCount
                0x200002f4        0x2 ./Core/Src/main.o
                0x200002f4                ADC1AccValBufBatchCount
 *fill*         0x200002f6        0x2 
 .bss.ADC1_avg_val_buffer
                0x200002f8       0x10 ./Core/Src/main.o
                0x200002f8                ADC1_avg_val_buffer
 .bss.cal_vref_data
                0x20000308        0x4 ./Core/Src/main.o
                0x20000308                cal_vref_data
 .bss.vref_voltage_mv
                0x2000030c        0x4 ./Core/Src/main.o
                0x2000030c                vref_voltage_mv
 .bss.vrefint_data
                0x20000310        0x4 ./Core/Src/main.o
                0x20000310                vrefint_data
 .bss.ADC1_ch1_raw
                0x20000314        0x4 ./Core/Src/main.o
                0x20000314                ADC1_ch1_raw
 .bss.ADC1_ch1_mV
                0x20000318        0x4 ./Core/Src/main.o
                0x20000318                ADC1_ch1_mV
 .bss.ADC1_ch2_raw
                0x2000031c        0x4 ./Core/Src/main.o
                0x2000031c                ADC1_ch2_raw
 .bss.ADC1_ch2_mV
                0x20000320        0x4 ./Core/Src/main.o
                0x20000320                ADC1_ch2_mV
 .bss.temp_raw  0x20000324        0x4 ./Core/Src/main.o
                0x20000324                temp_raw
 .bss.temp_celsius
                0x20000328        0x4 ./Core/Src/main.o
                0x20000328                temp_celsius
 .bss.ADC4_res_buffer
                0x2000032c       0x10 ./Core/Src/main.o
                0x2000032c                ADC4_res_buffer
 .bss.ADC4_res_bkp_buffer
                0x2000033c        0x4 ./Core/Src/main.o
                0x2000033c                ADC4_res_bkp_buffer
 .bss.ADC4_acc_val_buffer
                0x20000340        0x8 ./Core/Src/main.o
                0x20000340                ADC4_acc_val_buffer
 .bss.ADC4AccValBufCount
                0x20000348        0x2 ./Core/Src/main.o
                0x20000348                ADC4AccValBufCount
 *fill*         0x2000034a        0x2 
 .bss.ADC4_acc_val_batch_buffer
                0x2000034c        0x8 ./Core/Src/main.o
                0x2000034c                ADC4_acc_val_batch_buffer
 .bss.ADC4AccValBufBatchCount
                0x20000354        0x2 ./Core/Src/main.o
                0x20000354                ADC4AccValBufBatchCount
 *fill*         0x20000356        0x2 
 .bss.ADC4_avg_val_buffer
                0x20000358        0x8 ./Core/Src/main.o
                0x20000358                ADC4_avg_val_buffer
 .bss.ADC4_ch1_raw
                0x20000360        0x4 ./Core/Src/main.o
                0x20000360                ADC4_ch1_raw
 .bss.ADC4_ch1_mV
                0x20000364        0x4 ./Core/Src/main.o
                0x20000364                ADC4_ch1_mV
 .bss.ADC4_ch2_raw
                0x20000368        0x4 ./Core/Src/main.o
                0x20000368                ADC4_ch2_raw
 .bss.ADC4_ch2_mV
                0x2000036c        0x4 ./Core/Src/main.o
                0x2000036c                ADC4_ch2_mV
 .bss.uwTick    0x20000370        0x4 ./Drivers/STM32U5xx_HAL_Driver/Src/stm32u5xx_hal.o
                0x20000370                uwTick
 *(COMMON)
                0x20000374                        _ebss = .
                0x20000374                        __bss_end__ = _ebss

._user_heap_stack
                0x20000374      0x604 load address 0x0800771d
                0x20000378                        . = ALIGN (0x8)
 *fill*         0x20000374        0x4 
                [!provide]                        PROVIDE (end = .)
                0x20000378                        PROVIDE (_end = .)
                0x20000578                        . = (. + _Min_Heap_Size)
 *fill*         0x20000378      0x200 
                0x20000978                        . = (. + _Min_Stack_Size)
 *fill*         0x20000578      0x400 
                0x20000978                        . = ALIGN (0x8)

/DISCARD/
 libc.a(*)
 libm.a(*)
 libgcc.a(*)

.ARM.attributes
                0x00000000       0x36
 *(.ARM.attributes)
 .ARM.attributes
                0x00000000       0x26 C:/ST/STM32CubeIDE_1.19.0/STM32CubeIDE/plugins/com.st.stm32cube.ide.mcu.externaltools.gnu-tools-for-stm32.13.3.rel1.win32_1.0.0.202411081344/tools/bin/../lib/gcc/arm-none-eabi/13.3.1/thumb/v8-m.main+fp/hard/crti.o
 .ARM.attributes
                0x00000026       0x38 C:/ST/STM32CubeIDE_1.19.0/STM32CubeIDE/plugins/com.st.stm32cube.ide.mcu.externaltools.gnu-tools-for-stm32.13.3.rel1.win32_1.0.0.202411081344/tools/bin/../lib/gcc/arm-none-eabi/13.3.1/thumb/v8-m.main+fp/hard/crtbegin.o
 .ARM.attributes
                0x0000005e       0x3a ./Core/Src/main.o
 .ARM.attributes
                0x00000098       0x3a ./Core/Src/stm32u5xx_hal_msp.o
 .ARM.attributes
                0x000000d2       0x3a ./Core/Src/stm32u5xx_it.o
 .ARM.attributes
                0x0000010c       0x3a ./Core/Src/system_stm32u5xx.o
 .ARM.attributes
                0x00000146       0x24 ./Core/Startup/startup_stm32u545retxq.o
 .ARM.attributes
                0x0000016a       0x3a ./Drivers/STM32U5xx_HAL_Driver/Src/stm32u5xx_hal.o
 .ARM.attributes
                0x000001a4       0x3a ./Drivers/STM32U5xx_HAL_Driver/Src/stm32u5xx_hal_adc.o
 .ARM.attributes
                0x000001de       0x3a ./Drivers/STM32U5xx_HAL_Driver/Src/stm32u5xx_hal_adc_ex.o
 .ARM.attributes
                0x00000218       0x3a ./Drivers/STM32U5xx_HAL_Driver/Src/stm32u5xx_hal_cortex.o
 .ARM.attributes
                0x00000252       0x3a ./Drivers/STM32U5xx_HAL_Driver/Src/stm32u5xx_hal_dma.o
 .ARM.attributes
                0x0000028c       0x3a ./Drivers/STM32U5xx_HAL_Driver/Src/stm32u5xx_hal_dma_ex.o
 .ARM.attributes
                0x000002c6       0x3a ./Drivers/STM32U5xx_HAL_Driver/Src/stm32u5xx_hal_gpio.o
 .ARM.attributes
                0x00000300       0x3a ./Drivers/STM32U5xx_HAL_Driver/Src/stm32u5xx_hal_icache.o
 .ARM.attributes
                0x0000033a       0x3a ./Drivers/STM32U5xx_HAL_Driver/Src/stm32u5xx_hal_pwr_ex.o
 .ARM.attributes
                0x00000374       0x3a ./Drivers/STM32U5xx_HAL_Driver/Src/stm32u5xx_hal_rcc.o
 .ARM.attributes
                0x000003ae       0x3a ./Drivers/STM32U5xx_HAL_Driver/Src/stm32u5xx_hal_rcc_ex.o
 .ARM.attributes
                0x000003e8       0x38 C:/ST/STM32CubeIDE_1.19.0/STM32CubeIDE/plugins/com.st.stm32cube.ide.mcu.externaltools.gnu-tools-for-stm32.13.3.rel1.win32_1.0.0.202411081344/tools/bin/../lib/gcc/arm-none-eabi/13.3.1/../../../../arm-none-eabi/lib/thumb/v8-m.main+fp/hard\libc_nano.a(libc_a-memset.o)
 .ARM.attributes
                0x00000420       0x38 C:/ST/STM32CubeIDE_1.19.0/STM32CubeIDE/plugins/com.st.stm32cube.ide.mcu.externaltools.gnu-tools-for-stm32.13.3.rel1.win32_1.0.0.202411081344/tools/bin/../lib/gcc/arm-none-eabi/13.3.1/../../../../arm-none-eabi/lib/thumb/v8-m.main+fp/hard\libc_nano.a(libc_a-init.o)
 .ARM.attributes
                0x00000458       0x26 C:/ST/STM32CubeIDE_1.19.0/STM32CubeIDE/plugins/com.st.stm32cube.ide.mcu.externaltools.gnu-tools-for-stm32.13.3.rel1.win32_1.0.0.202411081344/tools/bin/../lib/gcc/arm-none-eabi/13.3.1/thumb/v8-m.main+fp/hard/crtn.o
OUTPUT(ADC-DMA-Test_N-U545RE-Q.elf elf32-littlearm)
LOAD linker stubs
LOAD C:/ST/STM32CubeIDE_1.19.0/STM32CubeIDE/plugins/com.st.stm32cube.ide.mcu.externaltools.gnu-tools-for-stm32.13.3.rel1.win32_1.0.0.202411081344/tools/bin/../lib/gcc/arm-none-eabi/13.3.1/../../../../arm-none-eabi/lib/thumb/v8-m.main+fp/hard\libc.a
LOAD C:/ST/STM32CubeIDE_1.19.0/STM32CubeIDE/plugins/com.st.stm32cube.ide.mcu.externaltools.gnu-tools-for-stm32.13.3.rel1.win32_1.0.0.202411081344/tools/bin/../lib/gcc/arm-none-eabi/13.3.1/../../../../arm-none-eabi/lib/thumb/v8-m.main+fp/hard\libm.a
LOAD C:/ST/STM32CubeIDE_1.19.0/STM32CubeIDE/plugins/com.st.stm32cube.ide.mcu.externaltools.gnu-tools-for-stm32.13.3.rel1.win32_1.0.0.202411081344/tools/bin/../lib/gcc/arm-none-eabi/13.3.1/thumb/v8-m.main+fp/hard\libgcc.a

.debug_info     0x00000000    0x111d1
 .debug_info    0x00000000     0x1f46 ./Core/Src/main.o
 .debug_info    0x00001f46     0x12f3 ./Core/Src/stm32u5xx_hal_msp.o
 .debug_info    0x00003239      0x5b7 ./Core/Src/stm32u5xx_it.o
 .debug_info    0x000037f0      0x929 ./Core/Src/system_stm32u5xx.o
 .debug_info    0x00004119       0x30 ./Core/Startup/startup_stm32u545retxq.o
 .debug_info    0x00004149     0x111c ./Drivers/STM32U5xx_HAL_Driver/Src/stm32u5xx_hal.o
 .debug_info    0x00005265     0x2679 ./Drivers/STM32U5xx_HAL_Driver/Src/stm32u5xx_hal_adc.o
 .debug_info    0x000078de     0x1d41 ./Drivers/STM32U5xx_HAL_Driver/Src/stm32u5xx_hal_adc_ex.o
 .debug_info    0x0000961f     0x1610 ./Drivers/STM32U5xx_HAL_Driver/Src/stm32u5xx_hal_cortex.o
 .debug_info    0x0000ac2f      0xadc ./Drivers/STM32U5xx_HAL_Driver/Src/stm32u5xx_hal_dma.o
 .debug_info    0x0000b70b     0x1905 ./Drivers/STM32U5xx_HAL_Driver/Src/stm32u5xx_hal_dma_ex.o
 .debug_info    0x0000d010      0x859 ./Drivers/STM32U5xx_HAL_Driver/Src/stm32u5xx_hal_gpio.o
 .debug_info    0x0000d869      0x4d6 ./Drivers/STM32U5xx_HAL_Driver/Src/stm32u5xx_hal_icache.o
 .debug_info    0x0000dd3f      0xddc ./Drivers/STM32U5xx_HAL_Driver/Src/stm32u5xx_hal_pwr_ex.o
 .debug_info    0x0000eb1b     0x114d ./Drivers/STM32U5xx_HAL_Driver/Src/stm32u5xx_hal_rcc.o
 .debug_info    0x0000fc68     0x1569 ./Drivers/STM32U5xx_HAL_Driver/Src/stm32u5xx_hal_rcc_ex.o

.debug_abbrev   0x00000000     0x2348
 .debug_abbrev  0x00000000      0x304 ./Core/Src/main.o
 .debug_abbrev  0x00000304      0x245 ./Core/Src/stm32u5xx_hal_msp.o
 .debug_abbrev  0x00000549      0x185 ./Core/Src/stm32u5xx_it.o
 .debug_abbrev  0x000006ce      0x129 ./Core/Src/system_stm32u5xx.o
 .debug_abbrev  0x000007f7       0x24 ./Core/Startup/startup_stm32u545retxq.o
 .debug_abbrev  0x0000081b      0x2a3 ./Drivers/STM32U5xx_HAL_Driver/Src/stm32u5xx_hal.o
 .debug_abbrev  0x00000abe      0x2ce ./Drivers/STM32U5xx_HAL_Driver/Src/stm32u5xx_hal_adc.o
 .debug_abbrev  0x00000d8c      0x2f3 ./Drivers/STM32U5xx_HAL_Driver/Src/stm32u5xx_hal_adc_ex.o
 .debug_abbrev  0x0000107f      0x311 ./Drivers/STM32U5xx_HAL_Driver/Src/stm32u5xx_hal_cortex.o
 .debug_abbrev  0x00001390      0x1ff ./Drivers/STM32U5xx_HAL_Driver/Src/stm32u5xx_hal_dma.o
 .debug_abbrev  0x0000158f      0x21c ./Drivers/STM32U5xx_HAL_Driver/Src/stm32u5xx_hal_dma_ex.o
 .debug_abbrev  0x000017ab      0x25a ./Drivers/STM32U5xx_HAL_Driver/Src/stm32u5xx_hal_gpio.o
 .debug_abbrev  0x00001a05      0x228 ./Drivers/STM32U5xx_HAL_Driver/Src/stm32u5xx_hal_icache.o
 .debug_abbrev  0x00001c2d      0x215 ./Drivers/STM32U5xx_HAL_Driver/Src/stm32u5xx_hal_pwr_ex.o
 .debug_abbrev  0x00001e42      0x2c9 ./Drivers/STM32U5xx_HAL_Driver/Src/stm32u5xx_hal_rcc.o
 .debug_abbrev  0x0000210b      0x23d ./Drivers/STM32U5xx_HAL_Driver/Src/stm32u5xx_hal_rcc_ex.o

.debug_aranges  0x00000000      0xf20
 .debug_aranges
                0x00000000       0x78 ./Core/Src/main.o
 .debug_aranges
                0x00000078       0x30 ./Core/Src/stm32u5xx_hal_msp.o
 .debug_aranges
                0x000000a8       0x70 ./Core/Src/stm32u5xx_it.o
 .debug_aranges
                0x00000118       0x28 ./Core/Src/system_stm32u5xx.o
 .debug_aranges
                0x00000140       0x28 ./Core/Startup/startup_stm32u545retxq.o
 .debug_aranges
                0x00000168      0x148 ./Drivers/STM32U5xx_HAL_Driver/Src/stm32u5xx_hal.o
 .debug_aranges
                0x000002b0      0x270 ./Drivers/STM32U5xx_HAL_Driver/Src/stm32u5xx_hal_adc.o
 .debug_aranges
                0x00000520      0x178 ./Drivers/STM32U5xx_HAL_Driver/Src/stm32u5xx_hal_adc_ex.o
 .debug_aranges
                0x00000698      0x140 ./Drivers/STM32U5xx_HAL_Driver/Src/stm32u5xx_hal_cortex.o
 .debug_aranges
                0x000007d8       0xa0 ./Drivers/STM32U5xx_HAL_Driver/Src/stm32u5xx_hal_dma.o
 .debug_aranges
                0x00000878      0x1a0 ./Drivers/STM32U5xx_HAL_Driver/Src/stm32u5xx_hal_dma_ex.o
 .debug_aranges
                0x00000a18       0x78 ./Drivers/STM32U5xx_HAL_Driver/Src/stm32u5xx_hal_gpio.o
 .debug_aranges
                0x00000a90       0xa8 ./Drivers/STM32U5xx_HAL_Driver/Src/stm32u5xx_hal_icache.o
 .debug_aranges
                0x00000b38      0x1e0 ./Drivers/STM32U5xx_HAL_Driver/Src/stm32u5xx_hal_pwr_ex.o
 .debug_aranges
                0x00000d18       0xa8 ./Drivers/STM32U5xx_HAL_Driver/Src/stm32u5xx_hal_rcc.o
 .debug_aranges
                0x00000dc0      0x160 ./Drivers/STM32U5xx_HAL_Driver/Src/stm32u5xx_hal_rcc_ex.o

.debug_rnglists
                0x00000000      0xb8a
 .debug_rnglists
                0x00000000       0x5c ./Core/Src/main.o
 .debug_rnglists
                0x0000005c       0x20 ./Core/Src/stm32u5xx_hal_msp.o
 .debug_rnglists
                0x0000007c       0x4f ./Core/Src/stm32u5xx_it.o
 .debug_rnglists
                0x000000cb       0x1a ./Core/Src/system_stm32u5xx.o
 .debug_rnglists
                0x000000e5       0x19 ./Core/Startup/startup_stm32u545retxq.o
 .debug_rnglists
                0x000000fe       0xf3 ./Drivers/STM32U5xx_HAL_Driver/Src/stm32u5xx_hal.o
 .debug_rnglists
                0x000001f1      0x1e2 ./Drivers/STM32U5xx_HAL_Driver/Src/stm32u5xx_hal_adc.o
 .debug_rnglists
                0x000003d3      0x124 ./Drivers/STM32U5xx_HAL_Driver/Src/stm32u5xx_hal_adc_ex.o
 .debug_rnglists
                0x000004f7       0xec ./Drivers/STM32U5xx_HAL_Driver/Src/stm32u5xx_hal_cortex.o
 .debug_rnglists
                0x000005e3       0x7e ./Drivers/STM32U5xx_HAL_Driver/Src/stm32u5xx_hal_dma.o
 .debug_rnglists
                0x00000661      0x155 ./Drivers/STM32U5xx_HAL_Driver/Src/stm32u5xx_hal_dma_ex.o
 .debug_rnglists
                0x000007b6       0x5a ./Drivers/STM32U5xx_HAL_Driver/Src/stm32u5xx_hal_gpio.o
 .debug_rnglists
                0x00000810       0x7a ./Drivers/STM32U5xx_HAL_Driver/Src/stm32u5xx_hal_icache.o
 .debug_rnglists
                0x0000088a      0x16e ./Drivers/STM32U5xx_HAL_Driver/Src/stm32u5xx_hal_pwr_ex.o
 .debug_rnglists
                0x000009f8       0x7f ./Drivers/STM32U5xx_HAL_Driver/Src/stm32u5xx_hal_rcc.o
 .debug_rnglists
                0x00000a77      0x113 ./Drivers/STM32U5xx_HAL_Driver/Src/stm32u5xx_hal_rcc_ex.o

.debug_macro    0x00000000    0x2eede
 .debug_macro   0x00000000      0x2c9 ./Core/Src/main.o
 .debug_macro   0x000002c9      0xae4 ./Core/Src/main.o
 .debug_macro   0x00000dad      0x201 ./Core/Src/main.o
 .debug_macro   0x00000fae       0x2e ./Core/Src/main.o
 .debug_macro   0x00000fdc       0x42 ./Core/Src/main.o
 .debug_macro   0x0000101e       0x22 ./Core/Src/main.o
 .debug_macro   0x00001040       0x8e ./Core/Src/main.o
 .debug_macro   0x000010ce       0x51 ./Core/Src/main.o
 .debug_macro   0x0000111f      0x103 ./Core/Src/main.o
 .debug_macro   0x00001222       0x6a ./Core/Src/main.o
 .debug_macro   0x0000128c      0x1df ./Core/Src/main.o
 .debug_macro   0x0000146b       0x1c ./Core/Src/main.o
 .debug_macro   0x00001487       0x29 ./Core/Src/main.o
 .debug_macro   0x000014b0       0xfb ./Core/Src/main.o
 .debug_macro   0x000015ab     0x1685 ./Core/Src/main.o
 .debug_macro   0x00002c30       0x5e ./Core/Src/main.o
 .debug_macro   0x00002c8e    0x1e737 ./Core/Src/main.o
 .debug_macro   0x000213c5       0x6d ./Core/Src/main.o
 .debug_macro   0x00021432     0x393e ./Core/Src/main.o
 .debug_macro   0x00024d70      0x190 ./Core/Src/main.o
 .debug_macro   0x00024f00       0x61 ./Core/Src/main.o
 .debug_macro   0x00024f61       0x2a ./Core/Src/main.o
 .debug_macro   0x00024f8b       0x43 ./Core/Src/main.o
 .debug_macro   0x00024fce       0x34 ./Core/Src/main.o
 .debug_macro   0x00025002      0x370 ./Core/Src/main.o
 .debug_macro   0x00025372       0x16 ./Core/Src/main.o
 .debug_macro   0x00025388       0x4a ./Core/Src/main.o
 .debug_macro   0x000253d2       0x34 ./Core/Src/main.o
 .debug_macro   0x00025406       0x10 ./Core/Src/main.o
 .debug_macro   0x00025416       0x58 ./Core/Src/main.o
 .debug_macro   0x0002546e       0x8e ./Core/Src/main.o
 .debug_macro   0x000254fc       0x1c ./Core/Src/main.o
 .debug_macro   0x00025518      0x185 ./Core/Src/main.o
 .debug_macro   0x0002569d      0x19b ./Core/Src/main.o
 .debug_macro   0x00025838       0x5d ./Core/Src/main.o
 .debug_macro   0x00025895     0x1933 ./Core/Src/main.o
 .debug_macro   0x000271c8      0x796 ./Core/Src/main.o
 .debug_macro   0x0002795e      0x166 ./Core/Src/main.o
 .debug_macro   0x00027ac4      0x250 ./Core/Src/main.o
 .debug_macro   0x00027d14       0xc9 ./Core/Src/main.o
 .debug_macro   0x00027ddd      0x574 ./Core/Src/main.o
 .debug_macro   0x00028351      0x440 ./Core/Src/main.o
 .debug_macro   0x00028791       0xd6 ./Core/Src/main.o
 .debug_macro   0x00028867      0x1cd ./Core/Src/main.o
 .debug_macro   0x00028a34     0x1415 ./Core/Src/main.o
 .debug_macro   0x00029e49      0x950 ./Core/Src/main.o
 .debug_macro   0x0002a799      0x2cd ./Core/Src/main.o
 .debug_macro   0x0002aa66      0x42b ./Core/Src/main.o
 .debug_macro   0x0002ae91       0x95 ./Core/Src/main.o
 .debug_macro   0x0002af26      0x11c ./Core/Src/main.o
 .debug_macro   0x0002b042      0x525 ./Core/Src/main.o
 .debug_macro   0x0002b567      0x448 ./Core/Src/main.o
 .debug_macro   0x0002b9af      0x677 ./Core/Src/main.o
 .debug_macro   0x0002c026      0x1a1 ./Core/Src/main.o
 .debug_macro   0x0002c1c7      0x1b8 ./Core/Src/main.o
 .debug_macro   0x0002c37f      0x361 ./Core/Src/main.o
 .debug_macro   0x0002c6e0       0x22 ./Core/Src/main.o
 .debug_macro   0x0002c702       0x52 ./Core/Src/main.o
 .debug_macro   0x0002c754       0x89 ./Core/Src/main.o
 .debug_macro   0x0002c7dd       0x1c ./Core/Src/main.o
 .debug_macro   0x0002c7f9      0x2b7 ./Core/Src/stm32u5xx_hal_msp.o
 .debug_macro   0x0002cab0      0x2c1 ./Core/Src/stm32u5xx_it.o
 .debug_macro   0x0002cd71      0x28e ./Core/Src/system_stm32u5xx.o
 .debug_macro   0x0002cfff      0x2ab ./Drivers/STM32U5xx_HAL_Driver/Src/stm32u5xx_hal.o
 .debug_macro   0x0002d2aa      0x2ab ./Drivers/STM32U5xx_HAL_Driver/Src/stm32u5xx_hal_adc.o
 .debug_macro   0x0002d555      0x293 ./Drivers/STM32U5xx_HAL_Driver/Src/stm32u5xx_hal_adc_ex.o
 .debug_macro   0x0002d7e8      0x287 ./Drivers/STM32U5xx_HAL_Driver/Src/stm32u5xx_hal_cortex.o
 .debug_macro   0x0002da6f      0x288 ./Drivers/STM32U5xx_HAL_Driver/Src/stm32u5xx_hal_dma.o
 .debug_macro   0x0002dcf7      0x288 ./Drivers/STM32U5xx_HAL_Driver/Src/stm32u5xx_hal_dma_ex.o
 .debug_macro   0x0002df7f      0x2bc ./Drivers/STM32U5xx_HAL_Driver/Src/stm32u5xx_hal_gpio.o
 .debug_macro   0x0002e23b      0x2b9 ./Drivers/STM32U5xx_HAL_Driver/Src/stm32u5xx_hal_icache.o
 .debug_macro   0x0002e4f4      0x2b2 ./Drivers/STM32U5xx_HAL_Driver/Src/stm32u5xx_hal_pwr_ex.o
 .debug_macro   0x0002e7a6      0x38d ./Drivers/STM32U5xx_HAL_Driver/Src/stm32u5xx_hal_rcc.o
 .debug_macro   0x0002eb33      0x3ab ./Drivers/STM32U5xx_HAL_Driver/Src/stm32u5xx_hal_rcc_ex.o

.debug_line     0x00000000    0x12a87
 .debug_line    0x00000000      0xe41 ./Core/Src/main.o
 .debug_line    0x00000e41      0xab1 ./Core/Src/stm32u5xx_hal_msp.o
 .debug_line    0x000018f2      0x9f6 ./Core/Src/stm32u5xx_it.o
 .debug_line    0x000022e8      0x9ae ./Core/Src/system_stm32u5xx.o
 .debug_line    0x00002c96       0x7b ./Core/Startup/startup_stm32u545retxq.o
 .debug_line    0x00002d11      0xd53 ./Drivers/STM32U5xx_HAL_Driver/Src/stm32u5xx_hal.o
 .debug_line    0x00003a64     0x27e3 ./Drivers/STM32U5xx_HAL_Driver/Src/stm32u5xx_hal_adc.o
 .debug_line    0x00006247     0x1893 ./Drivers/STM32U5xx_HAL_Driver/Src/stm32u5xx_hal_adc_ex.o
 .debug_line    0x00007ada      0xefd ./Drivers/STM32U5xx_HAL_Driver/Src/stm32u5xx_hal_cortex.o
 .debug_line    0x000089d7     0x133c ./Drivers/STM32U5xx_HAL_Driver/Src/stm32u5xx_hal_dma.o
 .debug_line    0x00009d13     0x27b2 ./Drivers/STM32U5xx_HAL_Driver/Src/stm32u5xx_hal_dma_ex.o
 .debug_line    0x0000c4c5      0xe5c ./Drivers/STM32U5xx_HAL_Driver/Src/stm32u5xx_hal_gpio.o
 .debug_line    0x0000d321      0xba0 ./Drivers/STM32U5xx_HAL_Driver/Src/stm32u5xx_hal_icache.o
 .debug_line    0x0000dec1     0x11a6 ./Drivers/STM32U5xx_HAL_Driver/Src/stm32u5xx_hal_pwr_ex.o
 .debug_line    0x0000f067     0x173a ./Drivers/STM32U5xx_HAL_Driver/Src/stm32u5xx_hal_rcc.o
 .debug_line    0x000107a1     0x22e6 ./Drivers/STM32U5xx_HAL_Driver/Src/stm32u5xx_hal_rcc_ex.o

.debug_str      0x00000000   0x1313eb
 .debug_str     0x00000000   0x1313eb ./Core/Src/main.o
                             0x12aef8 (size before relaxing)
 .debug_str     0x001313eb   0x12a0e5 ./Core/Src/stm32u5xx_hal_msp.o
 .debug_str     0x001313eb   0x1298af ./Core/Src/stm32u5xx_it.o
 .debug_str     0x001313eb   0x12921f ./Core/Src/system_stm32u5xx.o
 .debug_str     0x001313eb       0x8f ./Core/Startup/startup_stm32u545retxq.o
 .debug_str     0x001313eb   0x129fbe ./Drivers/STM32U5xx_HAL_Driver/Src/stm32u5xx_hal.o
 .debug_str     0x001313eb   0x12a51a ./Drivers/STM32U5xx_HAL_Driver/Src/stm32u5xx_hal_adc.o
 .debug_str     0x001313eb   0x12a071 ./Drivers/STM32U5xx_HAL_Driver/Src/stm32u5xx_hal_adc_ex.o
 .debug_str     0x001313eb   0x129dff ./Drivers/STM32U5xx_HAL_Driver/Src/stm32u5xx_hal_cortex.o
 .debug_str     0x001313eb   0x1295a3 ./Drivers/STM32U5xx_HAL_Driver/Src/stm32u5xx_hal_dma.o
 .debug_str     0x001313eb   0x129c0f ./Drivers/STM32U5xx_HAL_Driver/Src/stm32u5xx_hal_dma_ex.o
 .debug_str     0x001313eb   0x129244 ./Drivers/STM32U5xx_HAL_Driver/Src/stm32u5xx_hal_gpio.o
 .debug_str     0x001313eb   0x129541 ./Drivers/STM32U5xx_HAL_Driver/Src/stm32u5xx_hal_icache.o
 .debug_str     0x001313eb   0x1298bf ./Drivers/STM32U5xx_HAL_Driver/Src/stm32u5xx_hal_pwr_ex.o
 .debug_str     0x001313eb   0x12a884 ./Drivers/STM32U5xx_HAL_Driver/Src/stm32u5xx_hal_rcc.o
 .debug_str     0x001313eb   0x12b9f2 ./Drivers/STM32U5xx_HAL_Driver/Src/stm32u5xx_hal_rcc_ex.o

.comment        0x00000000       0x43
 .comment       0x00000000       0x43 ./Core/Src/main.o
                                 0x44 (size before relaxing)
 .comment       0x00000043       0x44 ./Core/Src/stm32u5xx_hal_msp.o
 .comment       0x00000043       0x44 ./Core/Src/stm32u5xx_it.o
 .comment       0x00000043       0x44 ./Core/Src/system_stm32u5xx.o
 .comment       0x00000043       0x44 ./Drivers/STM32U5xx_HAL_Driver/Src/stm32u5xx_hal.o
 .comment       0x00000043       0x44 ./Drivers/STM32U5xx_HAL_Driver/Src/stm32u5xx_hal_adc.o
 .comment       0x00000043       0x44 ./Drivers/STM32U5xx_HAL_Driver/Src/stm32u5xx_hal_adc_ex.o
 .comment       0x00000043       0x44 ./Drivers/STM32U5xx_HAL_Driver/Src/stm32u5xx_hal_cortex.o
 .comment       0x00000043       0x44 ./Drivers/STM32U5xx_HAL_Driver/Src/stm32u5xx_hal_dma.o
 .comment       0x00000043       0x44 ./Drivers/STM32U5xx_HAL_Driver/Src/stm32u5xx_hal_dma_ex.o
 .comment       0x00000043       0x44 ./Drivers/STM32U5xx_HAL_Driver/Src/stm32u5xx_hal_gpio.o
 .comment       0x00000043       0x44 ./Drivers/STM32U5xx_HAL_Driver/Src/stm32u5xx_hal_icache.o
 .comment       0x00000043       0x44 ./Drivers/STM32U5xx_HAL_Driver/Src/stm32u5xx_hal_pwr_ex.o
 .comment       0x00000043       0x44 ./Drivers/STM32U5xx_HAL_Driver/Src/stm32u5xx_hal_rcc.o
 .comment       0x00000043       0x44 ./Drivers/STM32U5xx_HAL_Driver/Src/stm32u5xx_hal_rcc_ex.o

.debug_frame    0x00000000     0x3f78
 .debug_frame   0x00000000      0x1ac ./Core/Src/main.o
 .debug_frame   0x000001ac       0x80 ./Core/Src/stm32u5xx_hal_msp.o
 .debug_frame   0x0000022c      0x13c ./Core/Src/stm32u5xx_it.o
 .debug_frame   0x00000368       0x58 ./Core/Src/system_stm32u5xx.o
 .debug_frame   0x000003c0      0x500 ./Drivers/STM32U5xx_HAL_Driver/Src/stm32u5xx_hal.o
 .debug_frame   0x000008c0      0xb94 ./Drivers/STM32U5xx_HAL_Driver/Src/stm32u5xx_hal_adc.o
 .debug_frame   0x00001454      0x6b8 ./Drivers/STM32U5xx_HAL_Driver/Src/stm32u5xx_hal_adc_ex.o
 .debug_frame   0x00001b0c      0x560 ./Drivers/STM32U5xx_HAL_Driver/Src/stm32u5xx_hal_cortex.o
 .debug_frame   0x0000206c      0x2a0 ./Drivers/STM32U5xx_HAL_Driver/Src/stm32u5xx_hal_dma.o
 .debug_frame   0x0000230c      0x754 ./Drivers/STM32U5xx_HAL_Driver/Src/stm32u5xx_hal_dma_ex.o
 .debug_frame   0x00002a60      0x1ec ./Drivers/STM32U5xx_HAL_Driver/Src/stm32u5xx_hal_gpio.o
 .debug_frame   0x00002c4c      0x298 ./Drivers/STM32U5xx_HAL_Driver/Src/stm32u5xx_hal_icache.o
 .debug_frame   0x00002ee4      0x7cc ./Drivers/STM32U5xx_HAL_Driver/Src/stm32u5xx_hal_pwr_ex.o
 .debug_frame   0x000036b0      0x288 ./Drivers/STM32U5xx_HAL_Driver/Src/stm32u5xx_hal_rcc.o
 .debug_frame   0x00003938      0x5f4 ./Drivers/STM32U5xx_HAL_Driver/Src/stm32u5xx_hal_rcc_ex.o
 .debug_frame   0x00003f2c       0x20 C:/ST/STM32CubeIDE_1.19.0/STM32CubeIDE/plugins/com.st.stm32cube.ide.mcu.externaltools.gnu-tools-for-stm32.13.3.rel1.win32_1.0.0.202411081344/tools/bin/../lib/gcc/arm-none-eabi/13.3.1/../../../../arm-none-eabi/lib/thumb/v8-m.main+fp/hard\libc_nano.a(libc_a-memset.o)
 .debug_frame   0x00003f4c       0x2c C:/ST/STM32CubeIDE_1.19.0/STM32CubeIDE/plugins/com.st.stm32cube.ide.mcu.externaltools.gnu-tools-for-stm32.13.3.rel1.win32_1.0.0.202411081344/tools/bin/../lib/gcc/arm-none-eabi/13.3.1/../../../../arm-none-eabi/lib/thumb/v8-m.main+fp/hard\libc_nano.a(libc_a-init.o)

.debug_line_str
                0x00000000       0x73
 .debug_line_str
                0x00000000       0x73 ./Core/Startup/startup_stm32u545retxq.o
